// Jest Snapshot v1, https://goo.gl/fbAQLP

exports[`<Processing /> should match the snapshot 1`] = `"<div class=\\"sc-htpNat dJJoJg Processing\\"><div class=\\"sc-bdVaJa bFfBso\\"></div><div class=\\"sc-bwzfXH gljswb Complete\\" style=\\"display:none\\"><img src=\\"baseline-check_circle_outline-24px.svg\\" alt=\\"check\\"/></div></div>"`;
